// Jest Snapshot v1, https://goo.gl/fbAQLP

exports[`should render the calculator correctly 1`] = `
<div
  data-testid="calc-wrapper"
  id="calc-wrapper"
>
  <h2>
    Let's do some math!
  </h2>
  <div
    id="calc"
  >
    <div
      class="display-calc"
    >
      <input
        readonly=""
        type="text"
        value=""
      />
    </div>
    <div
      class="btn-calc"
    >
      <div
        class="row-calc"
      >
        <button
          type="button"
        >
          AC
        </button>
        <button
          type="button"
        >
          +/-
        </button>
        <button
          type="button"
        >
          %
        </button>
        <button
          type="button"
        >
          รท
        </button>
      </div>
      <div
        class="row-calc"
      >
        <button
          type="button"
        >
          7
        </button>
        <button
          type="button"
        >
          8
        </button>
        <button
          type="button"
        >
          9
        </button>
        <button
          type="button"
        >
          x
        </button>
      </div>
      <div
        class="row-calc"
      >
        <button
          type="button"
        >
          4
        </button>
        <button
          type="button"
        >
          5
        </button>
        <button
          type="button"
        >
          6
        </button>
        <button
          type="button"
        >
          -
        </button>
      </div>
      <div
        class="row-calc"
      >
        <button
          type="button"
        >
          1
        </button>
        <button
          type="button"
        >
          2
        </button>
        <button
          type="button"
        >
          3
        </button>
        <button
          type="button"
        >
          +
        </button>
      </div>
      <div
        class="row-calc"
      >
        <button
          type="button"
        >
          0
        </button>
        <button
          type="button"
        >
          .
        </button>
        <button
          type="button"
        >
          =
        </button>
      </div>
    </div>
  </div>
</div>
`;
